[2026-01-09T13:10:15.915Z] Token verified: customerId=***, businessId=***, isAdmin=false
[2026-01-09T13:10:16.393Z] Token found in cookies, verifying...
[2026-01-09T13:10:16.394Z] Token verified: customerId=***, businessId=***, isAdmin=false
[2026-01-09T13:10:16.395Z] getCurrentUser returning: customerId=***, businessId=***
[2026-01-09T13:10:17.533Z] Token verified: customerId=***, businessId=null, isAdmin=false
[2026-01-09T13:10:17.615Z] Token found in cookies, verifying...
[2026-01-09T13:10:17.617Z] Token verified: customerId=***, businessId=null, isAdmin=false
[2026-01-09T13:10:17.617Z] getCurrentUser returning: customerId=***, businessId=null
[2026-01-09T13:10:18.099Z] Token found in cookies, verifying...
[2026-01-09T13:10:18.101Z] Token verified: customerId=***, businessId=null, isAdmin=false
[2026-01-09T13:10:18.101Z] getCurrentUser returning: customerId=***, businessId=null
[2026-01-09T13:10:19.190Z] Token verified: customerId=***, businessId=null, isAdmin=false
[2026-01-09T13:10:19.290Z] Token found in cookies, verifying...
[2026-01-09T13:10:19.291Z] Token verified: customerId=***, businessId=null, isAdmin=false
[2026-01-09T13:10:19.291Z] getCurrentUser returning: customerId=***, businessId=null
[2026-01-09T13:10:19.382Z] Token found in cookies, verifying...
[2026-01-09T13:10:19.384Z] Token verified: customerId=***, businessId=null, isAdmin=false
[2026-01-09T13:10:19.384Z] getCurrentUser returning: customerId=***, businessId=null
[2026-01-09T13:10:20.716Z] Token verified: customerId=***, businessId=null, isAdmin=false
[2026-01-09T13:11:04.995Z] Token verified: customerId=***, businessId=null, isAdmin=false
[2026-01-09T13:11:05.155Z] Token found in cookies, verifying...
[2026-01-09T13:11:05.157Z] Token verified: customerId=***, businessId=null, isAdmin=false
[2026-01-09T13:11:05.157Z] getCurrentUser returning: customerId=***, businessId=null
[2026-01-09T13:11:05.317Z] Token found in cookies, verifying...
[2026-01-09T13:11:05.318Z] Token verified: customerId=***, businessId=null, isAdmin=false
[2026-01-09T13:11:05.319Z] getCurrentUser returning: customerId=***, businessId=null
[2026-01-09T13:11:06.292Z] Token verified: customerId=***, businessId=null, isAdmin=false
[2026-01-09T13:11:06.377Z] Token found in cookies, verifying...
[2026-01-09T13:11:06.378Z] Token verified: customerId=***, businessId=null, isAdmin=false
[2026-01-09T13:11:06.378Z] getCurrentUser returning: customerId=***, businessId=null
[2026-01-09T13:11:06.463Z] Token found in cookies, verifying...
[2026-01-09T13:11:06.464Z] Token verified: customerId=***, businessId=null, isAdmin=false
[2026-01-09T13:11:06.465Z] getCurrentUser returning: customerId=***, businessId=null
[2026-01-09T13:11:07.383Z] Token verified: customerId=***, businessId=null, isAdmin=false
[2026-01-09T13:11:07.469Z] Token found in cookies, verifying...
[2026-01-09T13:11:07.471Z] Token verified: customerId=***, businessId=null, isAdmin=false
[2026-01-09T13:11:07.471Z] getCurrentUser returning: customerId=***, businessId=null
[2026-01-09T13:11:07.555Z] Token found in cookies, verifying...
[2026-01-09T13:11:07.556Z] Token verified: customerId=***, businessId=null, isAdmin=false
[2026-01-09T13:11:07.557Z] getCurrentUser returning: customerId=***, businessId=null
[2026-01-09T13:11:08.489Z] Token verified: customerId=***, businessId=null, isAdmin=false
[2026-01-09T13:11:08.579Z] Token found in cookies, verifying...
[2026-01-09T13:11:08.580Z] Token verified: customerId=***, businessId=null, isAdmin=false
[2026-01-09T13:11:08.581Z] getCurrentUser returning: customerId=***, businessId=null
[2026-01-09T13:11:08.686Z] Token found in cookies, verifying...
[2026-01-09T13:11:08.688Z] Token verified: customerId=***, businessId=null, isAdmin=false
[2026-01-09T13:11:08.689Z] getCurrentUser returning: customerId=***, businessId=null
[2026-01-09T13:11:09.672Z] Token verified: customerId=***, businessId=null, isAdmin=false
[2026-01-09T13:11:09.760Z] Token found in cookies, verifying...
[2026-01-09T13:11:09.762Z] Token verified: customerId=***, businessId=null, isAdmin=false
[2026-01-09T13:11:09.762Z] getCurrentUser returning: customerId=***, businessId=null
[2026-01-09T13:11:09.850Z] Token found in cookies, verifying...
[2026-01-09T13:11:09.852Z] Token verified: customerId=***, businessId=null, isAdmin=false
[2026-01-09T13:11:09.852Z] getCurrentUser returning: customerId=***, businessId=null
[2026-01-09T13:11:10.842Z] Token verified: customerId=***, businessId=null, isAdmin=false
[2026-01-09T13:11:10.927Z] Token found in cookies, verifying...
[2026-01-09T13:11:10.929Z] Token verified: customerId=***, businessId=null, isAdmin=false
[2026-01-09T13:11:10.929Z] getCurrentUser returning: customerId=***, businessId=null
[2026-01-09T13:11:11.012Z] Token found in cookies, verifying...
[2026-01-09T13:11:11.014Z] Token verified: customerId=***, businessId=null, isAdmin=false
[2026-01-09T13:11:11.015Z] getCurrentUser returning: customerId=***, businessId=null
[2026-01-09T13:15:28.906Z] Token verified: customerId=***, businessId=null, isAdmin=false
[2026-01-09T13:15:29.029Z] Token found in cookies, verifying...
[2026-01-09T13:15:29.031Z] Token verified: customerId=***, businessId=null, isAdmin=false
[2026-01-09T13:15:29.031Z] getCurrentUser returning: customerId=***, businessId=null
[2026-01-09T13:15:29.370Z] Token found in cookies, verifying...
[2026-01-09T13:15:29.371Z] Token verified: customerId=***, businessId=null, isAdmin=false
[2026-01-09T13:15:29.372Z] getCurrentUser returning: customerId=***, businessId=null
[2026-01-09T13:15:37.532Z] Token found in cookies, verifying...
[2026-01-09T13:15:37.535Z] Token verified: customerId=***, businessId=null, isAdmin=false
[2026-01-09T13:15:37.536Z] getCurrentUser returning: customerId=***, businessId=null
[2026-01-09T13:15:38.654Z] Token found in cookies, verifying...
[2026-01-09T13:15:38.656Z] Token verified: customerId=***, businessId=null, isAdmin=false
[2026-01-09T13:15:38.657Z] getCurrentUser returning: customerId=***, businessId=null
[2026-01-09T13:15:41.118Z] Token found in cookies, verifying...
[2026-01-09T13:15:41.120Z] Token verified: customerId=***, businessId=null, isAdmin=false
[2026-01-09T13:15:41.120Z] getCurrentUser returning: customerId=***, businessId=null
[2026-01-09T13:15:48.826Z] Token verified: customerId=***, businessId=null, isAdmin=false
[2026-01-09T13:15:48.947Z] Token found in cookies, verifying...
[2026-01-09T13:15:48.949Z] Token verified: customerId=***, businessId=null, isAdmin=false
[2026-01-09T13:15:48.949Z] getCurrentUser returning: customerId=***, businessId=null
[2026-01-09T13:15:50.948Z] Token verified: customerId=***, businessId=null, isAdmin=false
[2026-01-09T13:15:51.056Z] Token found in cookies, verifying...
[2026-01-09T13:15:51.058Z] Token verified: customerId=***, businessId=null, isAdmin=false
[2026-01-09T13:15:51.058Z] getCurrentUser returning: customerId=***, businessId=null
[2026-01-09T13:15:51.179Z] Token found in cookies, verifying...
[2026-01-09T13:15:51.180Z] Token verified: customerId=***, businessId=null, isAdmin=false
[2026-01-09T13:15:51.181Z] getCurrentUser returning: customerId=***, businessId=null
[2026-01-09T13:16:48.903Z] Token found in cookies, verifying...
[2026-01-09T13:16:48.907Z] Token verified: customerId=***, businessId=null, isAdmin=false
[2026-01-09T13:16:48.907Z] getCurrentUser returning: customerId=***, businessId=null
[2026-01-09T13:16:49.819Z] Token found in cookies, verifying...
[2026-01-09T13:16:49.820Z] Token verified: customerId=***, businessId=null, isAdmin=false
[2026-01-09T13:16:49.820Z] getCurrentUser returning: customerId=***, businessId=null
[2026-01-09T13:16:57.060Z] Token found in cookies, verifying...
[2026-01-09T13:16:57.062Z] Token verified: customerId=***, businessId=null, isAdmin=false
[2026-01-09T13:16:57.063Z] getCurrentUser returning: customerId=***, businessId=null
[2026-01-09T13:17:00.290Z] Token found in cookies, verifying...
[2026-01-09T13:17:00.291Z] Token verified: customerId=***, businessId=null, isAdmin=false
[2026-01-09T13:17:00.292Z] getCurrentUser returning: customerId=***, businessId=null
[2026-01-09T13:18:45.937Z] Token found in cookies, verifying...
[2026-01-09T13:18:45.940Z] Token verified: customerId=***, businessId=null, isAdmin=false
[2026-01-09T13:18:45.941Z] getCurrentUser returning: customerId=***, businessId=null
[2026-01-09T13:19:01.142Z] Token verified: customerId=***, businessId=null, isAdmin=false
[2026-01-09T13:19:02.158Z] Token found in cookies, verifying...
[2026-01-09T13:19:02.160Z] Token verified: customerId=***, businessId=null, isAdmin=false
[2026-01-09T13:19:02.160Z] getCurrentUser returning: customerId=***, businessId=null
[2026-01-09T13:19:02.656Z] Token found in cookies, verifying...
[2026-01-09T13:19:02.657Z] Token verified: customerId=***, businessId=null, isAdmin=false
[2026-01-09T13:19:02.658Z] getCurrentUser returning: customerId=***, businessId=null
[2026-01-10T11:49:16.761Z] Token verified: customerId=***, businessId=null, isAdmin=false
[2026-01-10T11:49:17.346Z] Token found in cookies, verifying...
[2026-01-10T11:49:17.349Z] Token verified: customerId=***, businessId=null, isAdmin=false
[2026-01-10T11:49:17.349Z] getCurrentUser returning: customerId=***, businessId=null
[2026-01-10T11:49:21.226Z] Token found in cookies, verifying...
[2026-01-10T11:49:21.229Z] Token verified: customerId=***, businessId=null, isAdmin=false
[2026-01-10T11:49:21.230Z] getCurrentUser returning: customerId=***, businessId=null
[2026-01-10T11:49:35.718Z] Token found in cookies, verifying...
[2026-01-10T11:49:35.722Z] Token verified: customerId=***, businessId=null, isAdmin=false
[2026-01-10T11:49:35.722Z] getCurrentUser returning: customerId=***, businessId=null
[2026-01-10T11:49:36.568Z] Token found in cookies, verifying...
[2026-01-10T11:49:36.570Z] Token verified: customerId=***, businessId=null, isAdmin=false
[2026-01-10T11:49:36.571Z] getCurrentUser returning: customerId=***, businessId=null
[2026-01-10T11:49:38.508Z] Token found in cookies, verifying...
[2026-01-10T11:49:38.510Z] Token verified: customerId=***, businessId=null, isAdmin=false
[2026-01-10T11:49:38.511Z] getCurrentUser returning: customerId=***, businessId=null
[2026-01-10T11:49:48.492Z] Token found in cookies, verifying...
[2026-01-10T11:49:48.494Z] Token verified: customerId=***, businessId=null, isAdmin=false
[2026-01-10T11:49:48.494Z] getCurrentUser returning: customerId=***, businessId=null
[2026-01-10T11:56:28.052Z] Token verified: customerId=***, businessId=null, isAdmin=false
[2026-01-10T11:56:29.001Z] Token found in cookies, verifying...
[2026-01-10T11:56:29.005Z] Token verified: customerId=***, businessId=null, isAdmin=false
[2026-01-10T11:56:29.006Z] getCurrentUser returning: customerId=***, businessId=null
[2026-01-10T11:56:29.840Z] Token found in cookies, verifying...
[2026-01-10T11:56:29.841Z] Token verified: customerId=***, businessId=null, isAdmin=false
[2026-01-10T11:56:29.842Z] getCurrentUser returning: customerId=***, businessId=null
[2026-01-10T11:56:45.151Z] Token verified: customerId=***, businessId=null, isAdmin=false
[2026-01-10T11:56:45.226Z] Token found in cookies, verifying...
[2026-01-10T11:56:45.228Z] Token verified: customerId=***, businessId=null, isAdmin=false
[2026-01-10T11:56:45.228Z] getCurrentUser returning: customerId=***, businessId=null
[2026-01-10T11:56:45.294Z] Token found in cookies, verifying...
[2026-01-10T11:56:45.297Z] Token verified: customerId=***, businessId=null, isAdmin=false
[2026-01-10T11:56:45.298Z] getCurrentUser returning: customerId=***, businessId=null
[2026-01-10T11:56:57.634Z] Token found in cookies, verifying...
[2026-01-10T11:56:57.636Z] Token verified: customerId=***, businessId=null, isAdmin=false
[2026-01-10T11:56:57.636Z] getCurrentUser returning: customerId=***, businessId=null
[2026-01-10T11:56:58.964Z] Token found in cookies, verifying...
[2026-01-10T11:56:58.966Z] Token verified: customerId=***, businessId=null, isAdmin=false
[2026-01-10T11:56:58.967Z] getCurrentUser returning: customerId=***, businessId=null
